------------------------------------------------------------
Timing Analyzer Summary
------------------------------------------------------------

Type  : Slow 1100mV 85C Model Setup 'clock'
Slack : -2.879
TNS   : -100.221

Type  : Slow 1100mV 85C Model Hold 'clock'
Slack : 0.426
TNS   : 0.000

Type  : Slow 1100mV 85C Model Minimum Pulse Width 'clock'
Slack : -0.538
TNS   : -28.143

Type  : Slow 1100mV 0C Model Setup 'clock'
Slack : -2.869
TNS   : -99.282

Type  : Slow 1100mV 0C Model Hold 'clock'
Slack : 0.439
TNS   : 0.000

Type  : Slow 1100mV 0C Model Minimum Pulse Width 'clock'
Slack : -0.538
TNS   : -28.237

Type  : Fast 1100mV 85C Model Setup 'clock'
Slack : -0.914
TNS   : -29.976

Type  : Fast 1100mV 85C Model Hold 'clock'
Slack : 0.198
TNS   : 0.000

Type  : Fast 1100mV 85C Model Minimum Pulse Width 'clock'
Slack : -0.101
TNS   : -3.539

Type  : Fast 1100mV 0C Model Setup 'clock'
Slack : -0.748
TNS   : -24.063

Type  : Fast 1100mV 0C Model Hold 'clock'
Slack : 0.189
TNS   : 0.000

Type  : Fast 1100mV 0C Model Minimum Pulse Width 'clock'
Slack : -0.100
TNS   : -3.527

------------------------------------------------------------
