------------------------------------------------------------
Timing Analyzer Summary
------------------------------------------------------------

Type  : Slow 1100mV 85C Model Setup 'clock'
Slack : -2.937
TNS   : -118.231

Type  : Slow 1100mV 85C Model Hold 'clock'
Slack : 0.428
TNS   : 0.000

Type  : Slow 1100mV 85C Model Minimum Pulse Width 'clock'
Slack : -0.538
TNS   : -34.381

Type  : Slow 1100mV 0C Model Setup 'clock'
Slack : -2.948
TNS   : -117.586

Type  : Slow 1100mV 0C Model Hold 'clock'
Slack : 0.439
TNS   : 0.000

Type  : Slow 1100mV 0C Model Minimum Pulse Width 'clock'
Slack : -0.538
TNS   : -34.582

Type  : Fast 1100mV 85C Model Setup 'clock'
Slack : -0.900
TNS   : -32.923

Type  : Fast 1100mV 85C Model Hold 'clock'
Slack : 0.197
TNS   : 0.000

Type  : Fast 1100mV 85C Model Minimum Pulse Width 'clock'
Slack : -0.100
TNS   : -4.311

Type  : Fast 1100mV 0C Model Setup 'clock'
Slack : -0.762
TNS   : -26.911

Type  : Fast 1100mV 0C Model Hold 'clock'
Slack : 0.187
TNS   : 0.000

Type  : Fast 1100mV 0C Model Minimum Pulse Width 'clock'
Slack : -0.100
TNS   : -4.325

------------------------------------------------------------
