------------------------------------------------------------
Timing Analyzer Summary
------------------------------------------------------------

Type  : Slow 1100mV 85C Model Setup 'clock'
Slack : -1.818
TNS   : -24.013

Type  : Slow 1100mV 85C Model Hold 'clock'
Slack : 0.192
TNS   : 0.000

Type  : Slow 1100mV 85C Model Minimum Pulse Width 'clock'
Slack : -0.538
TNS   : -12.624

Type  : Slow 1100mV 0C Model Setup 'clock'
Slack : -1.934
TNS   : -25.361

Type  : Slow 1100mV 0C Model Hold 'clock'
Slack : 0.264
TNS   : 0.000

Type  : Slow 1100mV 0C Model Minimum Pulse Width 'clock'
Slack : -0.538
TNS   : -12.632

Type  : Fast 1100mV 85C Model Setup 'clock'
Slack : -0.230
TNS   : -1.637

Type  : Fast 1100mV 85C Model Hold 'clock'
Slack : 0.163
TNS   : 0.000

Type  : Fast 1100mV 85C Model Minimum Pulse Width 'clock'
Slack : -0.243
TNS   : -3.919

Type  : Fast 1100mV 0C Model Setup 'clock'
Slack : -0.167
TNS   : -0.882

Type  : Fast 1100mV 0C Model Hold 'clock'
Slack : 0.165
TNS   : 0.000

Type  : Fast 1100mV 0C Model Minimum Pulse Width 'clock'
Slack : -0.251
TNS   : -4.072

------------------------------------------------------------
