------------------------------------------------------------
Timing Analyzer Summary
------------------------------------------------------------

Type  : Slow 1100mV 85C Model Setup 'clock'
Slack : -2.726
TNS   : -77.379

Type  : Slow 1100mV 85C Model Hold 'clock'
Slack : 0.423
TNS   : 0.000

Type  : Slow 1100mV 85C Model Minimum Pulse Width 'clock'
Slack : -0.538
TNS   : -23.476

Type  : Slow 1100mV 0C Model Setup 'clock'
Slack : -2.716
TNS   : -76.919

Type  : Slow 1100mV 0C Model Hold 'clock'
Slack : 0.418
TNS   : 0.000

Type  : Slow 1100mV 0C Model Minimum Pulse Width 'clock'
Slack : -0.538
TNS   : -24.106

Type  : Fast 1100mV 85C Model Setup 'clock'
Slack : -0.819
TNS   : -21.731

Type  : Fast 1100mV 85C Model Hold 'clock'
Slack : 0.196
TNS   : 0.000

Type  : Fast 1100mV 85C Model Minimum Pulse Width 'clock'
Slack : -0.097
TNS   : -2.880

Type  : Fast 1100mV 0C Model Setup 'clock'
Slack : -0.665
TNS   : -17.365

Type  : Fast 1100mV 0C Model Hold 'clock'
Slack : 0.185
TNS   : 0.000

Type  : Fast 1100mV 0C Model Minimum Pulse Width 'clock'
Slack : -0.097
TNS   : -2.880

------------------------------------------------------------
