------------------------------------------------------------
Timing Analyzer Summary
------------------------------------------------------------

Type  : Slow 1100mV 85C Model Setup 'INIT_ULA'
Slack : -11.094
TNS   : -156.818

Type  : Slow 1100mV 85C Model Setup 'state.fetch2_7152'
Slack : -10.985
TNS   : -184.900

Type  : Slow 1100mV 85C Model Setup 'IR[0]'
Slack : -9.770
TNS   : -437.976

Type  : Slow 1100mV 85C Model Setup 'reset'
Slack : -9.180
TNS   : -174.446

Type  : Slow 1100mV 85C Model Setup 'clk'
Slack : -4.759
TNS   : -46.530

Type  : Slow 1100mV 85C Model Hold 'reset'
Slack : -4.083
TNS   : -52.154

Type  : Slow 1100mV 85C Model Hold 'IR[0]'
Slack : -2.304
TNS   : -39.128

Type  : Slow 1100mV 85C Model Hold 'clk'
Slack : -0.735
TNS   : -8.069

Type  : Slow 1100mV 85C Model Hold 'INIT_ULA'
Slack : 0.143
TNS   : 0.000

Type  : Slow 1100mV 85C Model Hold 'state.fetch2_7152'
Slack : 0.235
TNS   : 0.000

Type  : Slow 1100mV 85C Model Recovery 'INIT_ULA'
Slack : -3.631
TNS   : -19.512

Type  : Slow 1100mV 85C Model Recovery 'state.fetch2_7152'
Slack : -3.629
TNS   : -61.973

Type  : Slow 1100mV 85C Model Recovery 'IR[0]'
Slack : -2.992
TNS   : -78.051

Type  : Slow 1100mV 85C Model Removal 'IR[0]'
Slack : -1.451
TNS   : -41.582

Type  : Slow 1100mV 85C Model Removal 'state.fetch2_7152'
Slack : 0.555
TNS   : 0.000

Type  : Slow 1100mV 85C Model Removal 'INIT_ULA'
Slack : 0.816
TNS   : 0.000

Type  : Slow 1100mV 85C Model Minimum Pulse Width 'clk'
Slack : -2.636
TNS   : -107.342

Type  : Slow 1100mV 85C Model Minimum Pulse Width 'reset'
Slack : -1.727
TNS   : -32.072

Type  : Slow 1100mV 85C Model Minimum Pulse Width 'IR[0]'
Slack : -1.257
TNS   : -102.407

Type  : Slow 1100mV 85C Model Minimum Pulse Width 'INIT_ULA'
Slack : -0.098
TNS   : -0.098

Type  : Slow 1100mV 85C Model Minimum Pulse Width 'state.fetch2_7152'
Slack : 0.179
TNS   : 0.000

Type  : Slow 1100mV 0C Model Setup 'INIT_ULA'
Slack : -11.146
TNS   : -157.725

Type  : Slow 1100mV 0C Model Setup 'state.fetch2_7152'
Slack : -10.956
TNS   : -185.396

Type  : Slow 1100mV 0C Model Setup 'IR[0]'
Slack : -9.755
TNS   : -436.308

Type  : Slow 1100mV 0C Model Setup 'reset'
Slack : -8.953
TNS   : -171.195

Type  : Slow 1100mV 0C Model Setup 'clk'
Slack : -4.366
TNS   : -40.697

Type  : Slow 1100mV 0C Model Hold 'reset'
Slack : -4.236
TNS   : -54.450

Type  : Slow 1100mV 0C Model Hold 'IR[0]'
Slack : -2.421
TNS   : -41.596

Type  : Slow 1100mV 0C Model Hold 'clk'
Slack : -0.976
TNS   : -12.423

Type  : Slow 1100mV 0C Model Hold 'INIT_ULA'
Slack : 0.068
TNS   : 0.000

Type  : Slow 1100mV 0C Model Hold 'state.fetch2_7152'
Slack : 0.069
TNS   : 0.000

Type  : Slow 1100mV 0C Model Recovery 'state.fetch2_7152'
Slack : -3.713
TNS   : -63.385

Type  : Slow 1100mV 0C Model Recovery 'INIT_ULA'
Slack : -3.698
TNS   : -20.448

Type  : Slow 1100mV 0C Model Recovery 'IR[0]'
Slack : -2.978
TNS   : -82.271

Type  : Slow 1100mV 0C Model Removal 'IR[0]'
Slack : -1.419
TNS   : -39.708

Type  : Slow 1100mV 0C Model Removal 'state.fetch2_7152'
Slack : 0.561
TNS   : 0.000

Type  : Slow 1100mV 0C Model Removal 'INIT_ULA'
Slack : 0.866
TNS   : 0.000

Type  : Slow 1100mV 0C Model Minimum Pulse Width 'clk'
Slack : -2.636
TNS   : -107.374

Type  : Slow 1100mV 0C Model Minimum Pulse Width 'reset'
Slack : -1.702
TNS   : -32.613

Type  : Slow 1100mV 0C Model Minimum Pulse Width 'IR[0]'
Slack : -1.207
TNS   : -110.581

Type  : Slow 1100mV 0C Model Minimum Pulse Width 'INIT_ULA'
Slack : -0.035
TNS   : -0.035

Type  : Slow 1100mV 0C Model Minimum Pulse Width 'state.fetch2_7152'
Slack : 0.168
TNS   : 0.000

Type  : Fast 1100mV 85C Model Setup 'INIT_ULA'
Slack : -5.142
TNS   : -72.030

Type  : Fast 1100mV 85C Model Setup 'state.fetch2_7152'
Slack : -5.133
TNS   : -85.470

Type  : Fast 1100mV 85C Model Setup 'IR[0]'
Slack : -4.672
TNS   : -199.277

Type  : Fast 1100mV 85C Model Setup 'reset'
Slack : -4.237
TNS   : -83.511

Type  : Fast 1100mV 85C Model Setup 'clk'
Slack : -2.706
TNS   : -19.322

Type  : Fast 1100mV 85C Model Hold 'reset'
Slack : -1.947
TNS   : -22.303

Type  : Fast 1100mV 85C Model Hold 'IR[0]'
Slack : -1.195
TNS   : -19.373

Type  : Fast 1100mV 85C Model Hold 'clk'
Slack : -0.507
TNS   : -6.545

Type  : Fast 1100mV 85C Model Hold 'INIT_ULA'
Slack : 0.096
TNS   : 0.000

Type  : Fast 1100mV 85C Model Hold 'state.fetch2_7152'
Slack : 0.211
TNS   : 0.000

Type  : Fast 1100mV 85C Model Recovery 'IR[0]'
Slack : -1.511
TNS   : -30.629

Type  : Fast 1100mV 85C Model Recovery 'INIT_ULA'
Slack : -1.490
TNS   : -6.113

Type  : Fast 1100mV 85C Model Recovery 'state.fetch2_7152'
Slack : -1.481
TNS   : -19.384

Type  : Fast 1100mV 85C Model Removal 'IR[0]'
Slack : -0.641
TNS   : -18.573

Type  : Fast 1100mV 85C Model Removal 'state.fetch2_7152'
Slack : 0.425
TNS   : 0.000

Type  : Fast 1100mV 85C Model Removal 'INIT_ULA'
Slack : 0.627
TNS   : 0.000

Type  : Fast 1100mV 85C Model Minimum Pulse Width 'clk'
Slack : -2.174
TNS   : -86.411

Type  : Fast 1100mV 85C Model Minimum Pulse Width 'reset'
Slack : -0.978
TNS   : -13.176

Type  : Fast 1100mV 85C Model Minimum Pulse Width 'IR[0]'
Slack : -0.546
TNS   : -13.244

Type  : Fast 1100mV 85C Model Minimum Pulse Width 'INIT_ULA'
Slack : 0.076
TNS   : 0.000

Type  : Fast 1100mV 85C Model Minimum Pulse Width 'state.fetch2_7152'
Slack : 0.238
TNS   : 0.000

Type  : Fast 1100mV 0C Model Setup 'INIT_ULA'
Slack : -4.763
TNS   : -66.911

Type  : Fast 1100mV 0C Model Setup 'state.fetch2_7152'
Slack : -4.734
TNS   : -80.790

Type  : Fast 1100mV 0C Model Setup 'IR[0]'
Slack : -4.300
TNS   : -184.610

Type  : Fast 1100mV 0C Model Setup 'reset'
Slack : -3.709
TNS   : -71.222

Type  : Fast 1100mV 0C Model Setup 'clk'
Slack : -2.125
TNS   : -14.869

Type  : Fast 1100mV 0C Model Hold 'reset'
Slack : -1.902
TNS   : -22.969

Type  : Fast 1100mV 0C Model Hold 'IR[0]'
Slack : -1.064
TNS   : -17.462

Type  : Fast 1100mV 0C Model Hold 'clk'
Slack : -0.637
TNS   : -9.035

Type  : Fast 1100mV 0C Model Hold 'INIT_ULA'
Slack : 0.076
TNS   : 0.000

Type  : Fast 1100mV 0C Model Hold 'state.fetch2_7152'
Slack : 0.177
TNS   : 0.000

Type  : Fast 1100mV 0C Model Recovery 'IR[0]'
Slack : -1.464
TNS   : -32.468

Type  : Fast 1100mV 0C Model Recovery 'INIT_ULA'
Slack : -1.412
TNS   : -6.333

Type  : Fast 1100mV 0C Model Recovery 'state.fetch2_7152'
Slack : -1.383
TNS   : -19.669

Type  : Fast 1100mV 0C Model Removal 'IR[0]'
Slack : -0.493
TNS   : -12.082

Type  : Fast 1100mV 0C Model Removal 'state.fetch2_7152'
Slack : 0.533
TNS   : 0.000

Type  : Fast 1100mV 0C Model Removal 'INIT_ULA'
Slack : 0.744
TNS   : 0.000

Type  : Fast 1100mV 0C Model Minimum Pulse Width 'clk'
Slack : -2.174
TNS   : -86.404

Type  : Fast 1100mV 0C Model Minimum Pulse Width 'reset'
Slack : -0.864
TNS   : -11.362

Type  : Fast 1100mV 0C Model Minimum Pulse Width 'IR[0]'
Slack : -0.394
TNS   : -7.904

Type  : Fast 1100mV 0C Model Minimum Pulse Width 'INIT_ULA'
Slack : 0.160
TNS   : 0.000

Type  : Fast 1100mV 0C Model Minimum Pulse Width 'state.fetch2_7152'
Slack : 0.271
TNS   : 0.000

------------------------------------------------------------
